/Users/joe/.cache/huggingface/modules/transformers_modules/official-lite/birefnet.py:1042: TracerWarning: Converting a tensor to a Python boolean might cause the trace to be incorrect. We can't record the data flow of Python values, so this value will be treated as a constant in the future. This means that the trace might not generalize to other inputs!
  if W % self.patch_size[1] != 0:
/Users/joe/.cache/huggingface/modules/transformers_modules/official-lite/birefnet.py:1044: TracerWarning: Converting a tensor to a Python boolean might cause the trace to be incorrect. We can't record the data flow of Python values, so this value will be treated as a constant in the future. This means that the trace might not generalize to other inputs!
  if H % self.patch_size[0] != 0:
/Users/joe/.cache/huggingface/modules/transformers_modules/official-lite/birefnet.py:980: TracerWarning: torch.tensor results are registered as constants in the trace. You can safely ignore this warning if you use this function to create tensors out of constant variables that would be the same every time you call this function. In any other case, this might cause the trace to be incorrect.
  Hp = torch.ceil(torch.tensor(H) / self.window_size).to(torch.int64) * self.window_size
/Users/joe/.cache/huggingface/modules/transformers_modules/official-lite/birefnet.py:980: UserWarning: To copy construct from a tensor, it is recommended to use sourceTensor.clone().detach() or sourceTensor.clone().detach().requires_grad_(True), rather than torch.tensor(sourceTensor).
  Hp = torch.ceil(torch.tensor(H) / self.window_size).to(torch.int64) * self.window_size
/Users/joe/.cache/huggingface/modules/transformers_modules/official-lite/birefnet.py:981: TracerWarning: torch.tensor results are registered as constants in the trace. You can safely ignore this warning if you use this function to create tensors out of constant variables that would be the same every time you call this function. In any other case, this might cause the trace to be incorrect.
  Wp = torch.ceil(torch.tensor(W) / self.window_size).to(torch.int64) * self.window_size
/Users/joe/.cache/huggingface/modules/transformers_modules/official-lite/birefnet.py:981: UserWarning: To copy construct from a tensor, it is recommended to use sourceTensor.clone().detach() or sourceTensor.clone().detach().requires_grad_(True), rather than torch.tensor(sourceTensor).
  Wp = torch.ceil(torch.tensor(W) / self.window_size).to(torch.int64) * self.window_size
/Users/joe/.cache/huggingface/modules/transformers_modules/official-lite/birefnet.py:816: TracerWarning: Converting a tensor to a Python boolean might cause the trace to be incorrect. We can't record the data flow of Python values, so this value will be treated as a constant in the future. This means that the trace might not generalize to other inputs!
  assert L == H * W, "input feature has wrong size"
/Users/joe/.cache/huggingface/modules/transformers_modules/official-lite/birefnet.py:666: TracerWarning: Converting a tensor to a Python integer might cause the trace to be incorrect. We can't record the data flow of Python values, so this value will be treated as a constant in the future. This means that the trace might not generalize to other inputs!
  B = int(windows.shape[0] / (H * W / window_size / window_size))
/Users/joe/.cache/huggingface/modules/transformers_modules/official-lite/birefnet.py:854: TracerWarning: Converting a tensor to a Python boolean might cause the trace to be incorrect. We can't record the data flow of Python values, so this value will be treated as a constant in the future. This means that the trace might not generalize to other inputs!
  if pad_r > 0 or pad_b > 0:
/Users/joe/.cache/huggingface/modules/transformers_modules/official-lite/birefnet.py:887: TracerWarning: Converting a tensor to a Python boolean might cause the trace to be incorrect. We can't record the data flow of Python values, so this value will be treated as a constant in the future. This means that the trace might not generalize to other inputs!
  assert L == H * W, "input feature has wrong size"
/Users/joe/.cache/huggingface/modules/transformers_modules/official-lite/birefnet.py:892: TracerWarning: Converting a tensor to a Python boolean might cause the trace to be incorrect. We can't record the data flow of Python values, so this value will be treated as a constant in the future. This means that the trace might not generalize to other inputs!
  pad_input = (H % 2 == 1) or (W % 2 == 1)
/Users/joe/.cache/huggingface/modules/transformers_modules/official-lite/birefnet.py:893: TracerWarning: Converting a tensor to a Python boolean might cause the trace to be incorrect. We can't record the data flow of Python values, so this value will be treated as a constant in the future. This means that the trace might not generalize to other inputs!
  if pad_input:
/tmp/photosuite-m3-evaluation/venv/lib/python3.12/site-packages/onnxconverter_common/float16.py:52: UserWarning: the float32 number 1.0196850475097108e-08 will be truncated to 1e-07
  warnings.warn(
/tmp/photosuite-m3-evaluation/venv/lib/python3.12/site-packages/onnxconverter_common/float16.py:70: UserWarning: the float32 number -1.5438336165018995e-09 will be truncated to -1e-07
  warnings.warn(
/tmp/photosuite-m3-evaluation/venv/lib/python3.12/site-packages/onnxconverter_common/float16.py:52: UserWarning: the float32 number 9.274481982401994e-08 will be truncated to 1e-07
  warnings.warn(
/tmp/photosuite-m3-evaluation/venv/lib/python3.12/site-packages/onnxconverter_common/float16.py:70: UserWarning: the float32 number -2.623699035808613e-09 will be truncated to -1e-07
  warnings.warn(
/tmp/photosuite-m3-evaluation/venv/lib/python3.12/site-packages/onnxconverter_common/float16.py:70: UserWarning: the float32 number -1.7819111519656872e-08 will be truncated to -1e-07
  warnings.warn(
/tmp/photosuite-m3-evaluation/venv/lib/python3.12/site-packages/onnxconverter_common/float16.py:70: UserWarning: the float32 number -7.360308273973715e-08 will be truncated to -1e-07
  warnings.warn(
/tmp/photosuite-m3-evaluation/venv/lib/python3.12/site-packages/onnxconverter_common/float16.py:70: UserWarning: the float32 number -1.997885235027752e-08 will be truncated to -1e-07
  warnings.warn(
/tmp/photosuite-m3-evaluation/venv/lib/python3.12/site-packages/onnxconverter_common/float16.py:70: UserWarning: the float32 number -2.3599552534392387e-08 will be truncated to -1e-07
  warnings.warn(
/tmp/photosuite-m3-evaluation/venv/lib/python3.12/site-packages/onnxconverter_common/float16.py:52: UserWarning: the float32 number 7.807300761442093e-08 will be truncated to 1e-07
  warnings.warn(
/tmp/photosuite-m3-evaluation/venv/lib/python3.12/site-packages/onnxconverter_common/float16.py:52: UserWarning: the float32 number 3.7415045284205917e-08 will be truncated to 1e-07
  warnings.warn(
/tmp/photosuite-m3-evaluation/venv/lib/python3.12/site-packages/onnxconverter_common/float16.py:52: UserWarning: the float32 number 9.787447652342962e-08 will be truncated to 1e-07
  warnings.warn(
/tmp/photosuite-m3-evaluation/venv/lib/python3.12/site-packages/onnxconverter_common/float16.py:70: UserWarning: the float32 number -7.715465244473307e-08 will be truncated to -1e-07
  warnings.warn(
/tmp/photosuite-m3-evaluation/venv/lib/python3.12/site-packages/onnxconverter_common/float16.py:52: UserWarning: the float32 number 6.79782914403404e-08 will be truncated to 1e-07
  warnings.warn(
/tmp/photosuite-m3-evaluation/venv/lib/python3.12/site-packages/onnxconverter_common/float16.py:52: UserWarning: the float32 number 4.425741906288749e-08 will be truncated to 1e-07
  warnings.warn(
/tmp/photosuite-m3-evaluation/venv/lib/python3.12/site-packages/onnxconverter_common/float16.py:70: UserWarning: the float32 number -9.141921708533118e-08 will be truncated to -1e-07
  warnings.warn(
/tmp/photosuite-m3-evaluation/venv/lib/python3.12/site-packages/onnxconverter_common/float16.py:52: UserWarning: the float32 number 1.2113070546604376e-08 will be truncated to 1e-07
  warnings.warn(
/tmp/photosuite-m3-evaluation/venv/lib/python3.12/site-packages/onnxconverter_common/float16.py:52: UserWarning: the float32 number 1.1199357885516292e-08 will be truncated to 1e-07
  warnings.warn(
/tmp/photosuite-m3-evaluation/venv/lib/python3.12/site-packages/onnxconverter_common/float16.py:52: UserWarning: the float32 number 1.293896723097987e-08 will be truncated to 1e-07
  warnings.warn(
/tmp/photosuite-m3-evaluation/venv/lib/python3.12/site-packages/onnxconverter_common/float16.py:70: UserWarning: the float32 number -9.377887266737162e-08 will be truncated to -1e-07
  warnings.warn(
/tmp/photosuite-m3-evaluation/venv/lib/python3.12/site-packages/onnxconverter_common/float16.py:52: UserWarning: the float32 number 9.110050314120599e-08 will be truncated to 1e-07
  warnings.warn(
/tmp/photosuite-m3-evaluation/venv/lib/python3.12/site-packages/onnxconverter_common/float16.py:70: UserWarning: the float32 number -4.5265650783221645e-08 will be truncated to -1e-07
  warnings.warn(
/tmp/photosuite-m3-evaluation/venv/lib/python3.12/site-packages/onnxconverter_common/float16.py:52: UserWarning: the float32 number 7.799417289788835e-08 will be truncated to 1e-07
  warnings.warn(
/tmp/photosuite-m3-evaluation/venv/lib/python3.12/site-packages/onnxconverter_common/float16.py:70: UserWarning: the float32 number -1.5754095250564149e-10 will be truncated to -1e-07
  warnings.warn(
/tmp/photosuite-m3-evaluation/venv/lib/python3.12/site-packages/onnxconverter_common/float16.py:52: UserWarning: the float32 number 9.693589042569783e-09 will be truncated to 1e-07
  warnings.warn(
/tmp/photosuite-m3-evaluation/venv/lib/python3.12/site-packages/onnxconverter_common/float16.py:70: UserWarning: the float32 number -7.159799508826836e-08 will be truncated to -1e-07
  warnings.warn(
/tmp/photosuite-m3-evaluation/venv/lib/python3.12/site-packages/onnxconverter_common/float16.py:52: UserWarning: the float32 number 4.515012719252809e-08 will be truncated to 1e-07
  warnings.warn(
/tmp/photosuite-m3-evaluation/venv/lib/python3.12/site-packages/onnxconverter_common/float16.py:52: UserWarning: the float32 number 4.22193018323469e-08 will be truncated to 1e-07
  warnings.warn(
/tmp/photosuite-m3-evaluation/venv/lib/python3.12/site-packages/onnxconverter_common/float16.py:70: UserWarning: the float32 number -9.551704316379528e-09 will be truncated to -1e-07
  warnings.warn(
/tmp/photosuite-m3-evaluation/venv/lib/python3.12/site-packages/onnxconverter_common/float16.py:52: UserWarning: the float32 number 4.2122199062077925e-08 will be truncated to 1e-07
  warnings.warn(
/tmp/photosuite-m3-evaluation/venv/lib/python3.12/site-packages/onnxconverter_common/float16.py:70: UserWarning: the float32 number -1.4010233861938559e-08 will be truncated to -1e-07
  warnings.warn(
/tmp/photosuite-m3-evaluation/venv/lib/python3.12/site-packages/onnxconverter_common/float16.py:52: UserWarning: the float32 number 6.709903033197406e-08 will be truncated to 1e-07
  warnings.warn(
/tmp/photosuite-m3-evaluation/venv/lib/python3.12/site-packages/onnxconverter_common/float16.py:70: UserWarning: the float32 number -4.821576737867872e-08 will be truncated to -1e-07
  warnings.warn(
/tmp/photosuite-m3-evaluation/venv/lib/python3.12/site-packages/onnxconverter_common/float16.py:52: UserWarning: the float32 number 4.1803478012525375e-08 will be truncated to 1e-07
  warnings.warn(
/tmp/photosuite-m3-evaluation/venv/lib/python3.12/site-packages/onnxconverter_common/float16.py:52: UserWarning: the float32 number 6.009672404161392e-08 will be truncated to 1e-07
  warnings.warn(
/tmp/photosuite-m3-evaluation/venv/lib/python3.12/site-packages/onnxconverter_common/float16.py:70: UserWarning: the float32 number -5.418438142612558e-09 will be truncated to -1e-07
  warnings.warn(
/tmp/photosuite-m3-evaluation/venv/lib/python3.12/site-packages/onnxconverter_common/float16.py:52: UserWarning: the float32 number 6.467593038905761e-08 will be truncated to 1e-07
  warnings.warn(
/tmp/photosuite-m3-evaluation/venv/lib/python3.12/site-packages/onnxconverter_common/float16.py:70: UserWarning: the float32 number -6.27430267741147e-08 will be truncated to -1e-07
  warnings.warn(
/tmp/photosuite-m3-evaluation/venv/lib/python3.12/site-packages/onnxconverter_common/float16.py:52: UserWarning: the float32 number 2.7555786985544728e-08 will be truncated to 1e-07
  warnings.warn(
/tmp/photosuite-m3-evaluation/venv/lib/python3.12/site-packages/onnxconverter_common/float16.py:52: UserWarning: the float32 number 3.135101067641699e-09 will be truncated to 1e-07
  warnings.warn(
/tmp/photosuite-m3-evaluation/venv/lib/python3.12/site-packages/onnxconverter_common/float16.py:70: UserWarning: the float32 number -3.948905202832975e-09 will be truncated to -1e-07
  warnings.warn(
/tmp/photosuite-m3-evaluation/venv/lib/python3.12/site-packages/onnxconverter_common/float16.py:70: UserWarning: the float32 number -3.151009764224e-08 will be truncated to -1e-07
  warnings.warn(
/tmp/photosuite-m3-evaluation/venv/lib/python3.12/site-packages/onnxconverter_common/float16.py:70: UserWarning: the float32 number -8.906206261372063e-08 will be truncated to -1e-07
  warnings.warn(
/tmp/photosuite-m3-evaluation/venv/lib/python3.12/site-packages/onnxconverter_common/float16.py:52: UserWarning: the float32 number 7.11096461714078e-08 will be truncated to 1e-07
  warnings.warn(
/tmp/photosuite-m3-evaluation/venv/lib/python3.12/site-packages/onnxconverter_common/float16.py:70: UserWarning: the float32 number -4.031075029331532e-09 will be truncated to -1e-07
  warnings.warn(
/tmp/photosuite-m3-evaluation/venv/lib/python3.12/site-packages/onnxconverter_common/float16.py:52: UserWarning: the float32 number 6.722046208551546e-08 will be truncated to 1e-07
  warnings.warn(
/tmp/photosuite-m3-evaluation/venv/lib/python3.12/site-packages/onnxconverter_common/float16.py:70: UserWarning: the float32 number -9.12677506903492e-08 will be truncated to -1e-07
  warnings.warn(
/tmp/photosuite-m3-evaluation/venv/lib/python3.12/site-packages/onnxconverter_common/float16.py:52: UserWarning: the float32 number 8.084077052217253e-08 will be truncated to 1e-07
  warnings.warn(
/tmp/photosuite-m3-evaluation/venv/lib/python3.12/site-packages/onnxconverter_common/float16.py:70: UserWarning: the float32 number -8.3969801778494e-08 will be truncated to -1e-07
  warnings.warn(
/tmp/photosuite-m3-evaluation/venv/lib/python3.12/site-packages/onnxconverter_common/float16.py:52: UserWarning: the float32 number 9.562520375538952e-08 will be truncated to 1e-07
  warnings.warn(
/tmp/photosuite-m3-evaluation/venv/lib/python3.12/site-packages/onnxconverter_common/float16.py:52: UserWarning: the float32 number 1.5916267193105682e-09 will be truncated to 1e-07
  warnings.warn(
/tmp/photosuite-m3-evaluation/venv/lib/python3.12/site-packages/onnxconverter_common/float16.py:70: UserWarning: the float32 number -1.5540307929384767e-10 will be truncated to -1e-07
  warnings.warn(
/tmp/photosuite-m3-evaluation/venv/lib/python3.12/site-packages/onnxconverter_common/float16.py:52: UserWarning: the float32 number 4.505139727939422e-08 will be truncated to 1e-07
  warnings.warn(
/tmp/photosuite-m3-evaluation/venv/lib/python3.12/site-packages/onnxconverter_common/float16.py:52: UserWarning: the float32 number 3.092467792953357e-08 will be truncated to 1e-07
  warnings.warn(
/tmp/photosuite-m3-evaluation/venv/lib/python3.12/site-packages/onnxconverter_common/float16.py:70: UserWarning: the float32 number -7.407315205654186e-09 will be truncated to -1e-07
  warnings.warn(
/tmp/photosuite-m3-evaluation/venv/lib/python3.12/site-packages/onnxconverter_common/float16.py:52: UserWarning: the float32 number 1.2393599924109822e-08 will be truncated to 1e-07
  warnings.warn(
/tmp/photosuite-m3-evaluation/venv/lib/python3.12/site-packages/onnxconverter_common/float16.py:70: UserWarning: the float32 number -9.10753961136379e-09 will be truncated to -1e-07
  warnings.warn(
/tmp/photosuite-m3-evaluation/venv/lib/python3.12/site-packages/onnxconverter_common/float16.py:70: UserWarning: the float32 number -8.518646410493602e-08 will be truncated to -1e-07
  warnings.warn(
/tmp/photosuite-m3-evaluation/venv/lib/python3.12/site-packages/onnxconverter_common/float16.py:70: UserWarning: the float32 number -8.137154594578533e-08 will be truncated to -1e-07
  warnings.warn(
/tmp/photosuite-m3-evaluation/venv/lib/python3.12/site-packages/onnxconverter_common/float16.py:70: UserWarning: the float32 number -2.440587953955742e-09 will be truncated to -1e-07
  warnings.warn(
/tmp/photosuite-m3-evaluation/venv/lib/python3.12/site-packages/onnxconverter_common/float16.py:52: UserWarning: the float32 number 9.865849648349467e-08 will be truncated to 1e-07
  warnings.warn(
/tmp/photosuite-m3-evaluation/venv/lib/python3.12/site-packages/onnxconverter_common/float16.py:52: UserWarning: the float32 number 8.225295999864102e-08 will be truncated to 1e-07
  warnings.warn(
/tmp/photosuite-m3-evaluation/venv/lib/python3.12/site-packages/onnxconverter_common/float16.py:52: UserWarning: the float32 number 5.522990398354466e-10 will be truncated to 1e-07
  warnings.warn(
/tmp/photosuite-m3-evaluation/venv/lib/python3.12/site-packages/onnxconverter_common/float16.py:70: UserWarning: the float32 number -8.489106306797112e-08 will be truncated to -1e-07
  warnings.warn(
/tmp/photosuite-m3-evaluation/venv/lib/python3.12/site-packages/onnxconverter_common/float16.py:52: UserWarning: the float32 number 6.191391577203831e-08 will be truncated to 1e-07
  warnings.warn(
/tmp/photosuite-m3-evaluation/venv/lib/python3.12/site-packages/onnxconverter_common/float16.py:70: UserWarning: the float32 number -3.3409514044180355e-10 will be truncated to -1e-07
  warnings.warn(
/tmp/photosuite-m3-evaluation/venv/lib/python3.12/site-packages/onnxconverter_common/float16.py:52: UserWarning: the float32 number 1.659549120347492e-08 will be truncated to 1e-07
  warnings.warn(
/tmp/photosuite-m3-evaluation/venv/lib/python3.12/site-packages/onnxconverter_common/float16.py:70: UserWarning: the float32 number -7.082301323180218e-08 will be truncated to -1e-07
  warnings.warn(
/tmp/photosuite-m3-evaluation/venv/lib/python3.12/site-packages/onnxconverter_common/float16.py:70: UserWarning: the float32 number -9.78578214017034e-08 will be truncated to -1e-07
  warnings.warn(
/tmp/photosuite-m3-evaluation/venv/lib/python3.12/site-packages/onnxconverter_common/float16.py:52: UserWarning: the float32 number 5.5996956405124365e-08 will be truncated to 1e-07
  warnings.warn(
/tmp/photosuite-m3-evaluation/venv/lib/python3.12/site-packages/onnxconverter_common/float16.py:70: UserWarning: the float32 number -3.0511611015526796e-08 will be truncated to -1e-07
  warnings.warn(
/tmp/photosuite-m3-evaluation/venv/lib/python3.12/site-packages/onnxconverter_common/float16.py:52: UserWarning: the float32 number 6.154543541470048e-08 will be truncated to 1e-07
  warnings.warn(
/tmp/photosuite-m3-evaluation/venv/lib/python3.12/site-packages/onnxconverter_common/float16.py:70: UserWarning: the float32 number -8.110798432880983e-08 will be truncated to -1e-07
  warnings.warn(
/tmp/photosuite-m3-evaluation/venv/lib/python3.12/site-packages/onnxconverter_common/float16.py:70: UserWarning: the float32 number -6.924503992422615e-08 will be truncated to -1e-07
  warnings.warn(
/tmp/photosuite-m3-evaluation/venv/lib/python3.12/site-packages/onnxconverter_common/float16.py:70: UserWarning: the float32 number -4.727135660687054e-08 will be truncated to -1e-07
  warnings.warn(
/tmp/photosuite-m3-evaluation/venv/lib/python3.12/site-packages/onnxconverter_common/float16.py:52: UserWarning: the float32 number 3.7731222590764446e-08 will be truncated to 1e-07
  warnings.warn(
/tmp/photosuite-m3-evaluation/venv/lib/python3.12/site-packages/onnxconverter_common/float16.py:52: UserWarning: the float32 number 2.784201136307729e-08 will be truncated to 1e-07
  warnings.warn(
/tmp/photosuite-m3-evaluation/venv/lib/python3.12/site-packages/onnxconverter_common/float16.py:52: UserWarning: the float32 number 5.179448336889436e-08 will be truncated to 1e-07
  warnings.warn(
/tmp/photosuite-m3-evaluation/venv/lib/python3.12/site-packages/onnxconverter_common/float16.py:70: UserWarning: the float32 number -7.235823318296752e-08 will be truncated to -1e-07
  warnings.warn(
/tmp/photosuite-m3-evaluation/venv/lib/python3.12/site-packages/onnxconverter_common/float16.py:52: UserWarning: the float32 number 2.8358044801279902e-08 will be truncated to 1e-07
  warnings.warn(
/tmp/photosuite-m3-evaluation/venv/lib/python3.12/site-packages/onnxconverter_common/float16.py:52: UserWarning: the float32 number 5.96583262790773e-08 will be truncated to 1e-07
  warnings.warn(
/tmp/photosuite-m3-evaluation/venv/lib/python3.12/site-packages/onnxconverter_common/float16.py:70: UserWarning: the float32 number -9.772705311661412e-08 will be truncated to -1e-07
  warnings.warn(
/tmp/photosuite-m3-evaluation/venv/lib/python3.12/site-packages/onnxconverter_common/float16.py:52: UserWarning: the float32 number 2.1376411751816704e-08 will be truncated to 1e-07
  warnings.warn(
/tmp/photosuite-m3-evaluation/venv/lib/python3.12/site-packages/onnxconverter_common/float16.py:70: UserWarning: the float32 number -7.752942110528238e-08 will be truncated to -1e-07
  warnings.warn(
/tmp/photosuite-m3-evaluation/venv/lib/python3.12/site-packages/onnxconverter_common/float16.py:52: UserWarning: the float32 number 1.1835562752082751e-08 will be truncated to 1e-07
  warnings.warn(
/tmp/photosuite-m3-evaluation/venv/lib/python3.12/site-packages/onnxconverter_common/float16.py:70: UserWarning: the float32 number -4.5266187242987144e-08 will be truncated to -1e-07
  warnings.warn(
/tmp/photosuite-m3-evaluation/venv/lib/python3.12/site-packages/onnxconverter_common/float16.py:70: UserWarning: the float32 number -2.1351644008404946e-08 will be truncated to -1e-07
  warnings.warn(
/tmp/photosuite-m3-evaluation/venv/lib/python3.12/site-packages/onnxconverter_common/float16.py:70: UserWarning: the float32 number -9.662770139584609e-09 will be truncated to -1e-07
  warnings.warn(
deform patch vs torchvision: max abs dev 3.147e-05
patched model vs reference: max abs logits dev 6.676e-05
+--------------------+----------------------------+------------------------------------------+
|     Model Name     |    reproduced-fp16.onnx    | /tmp/photosuite-m3-evaluation/reproduced |
|                    |                            |                -fp16.onnx                |
+--------------------+----------------------------+------------------------------------------+
|     Model Info     | Op Set: 17 / IR Version: 8 |        Op Set: 17 / IR Version: 8        |
+--------------------+----------------------------+------------------------------------------+
|  IN: input_image   | float32: (1, 3, 512, 512)  |        float32: (1, 3, 512, 512)         |
| OUT: output_image  | float32: (1, 1, 512, 512)  |        float32: (1, 1, 512, 512)         |
+--------------------+----------------------------+------------------------------------------+
|        Add         |            1909            |                   [32m1567[37m[0m                   |
| BatchNormalization |             20             |                    [32m10[37m[0m                    |
|        Cast        |            768             |                    [32m0[37m[0m                     |
|        Ceil        |             16             |                    [32m0[37m[0m                     |
|       Concat       |            918             |                   [32m369[37m[0m                    |
|      Constant      |            8951            |                    [32m0[37m[0m                     |
|  ConstantOfShape   |            392             |                    [32m0[37m[0m                     |
|        Conv        |            382             |                   382                    |
|        Div         |            218             |                    [32m24[37m[0m                    |
|       Equal        |            304             |                    [32m0[37m[0m                     |
|        Erf         |             24             |                    24                    |
|       Expand       |            400             |                    [32m0[37m[0m                     |
|       Gather       |            1296            |                   [32m672[37m[0m                    |
| GlobalAveragePool  |             5              |                    5                     |
|     GridSample     |            300             |                   300                    |
|      Identity      |             51             |                    [32m0[37m[0m                     |
| LayerNormalization |             64             |                    64                    |
|       MatMul       |            150             |                   150                    |
|        Mod         |             32             |                    [32m0[37m[0m                     |
|        Mul         |            1394            |                   [32m995[37m[0m                    |
|        Not         |             8              |                    [32m0[37m[0m                     |
|        Pad         |             24             |                    24                    |
|       Range        |            312             |                    [32m0[37m[0m                     |
|     Reciprocal     |             40             |                    [32m0[37m[0m                     |
|        Relu        |             38             |                    38                    |
|      Reshape       |            708             |                   [32m248[37m[0m                    |
|       Resize       |             22             |                    22                    |
|     ScatterND      |             72             |                    [32m0[37m[0m                     |
|       Shape        |            1250            |                    [32m0[37m[0m                     |
|      Sigmoid       |             23             |                    23                    |
|       Slice        |            890             |                   [32m444[37m[0m                    |
|      Softmax       |             24             |                    24                    |
|        Sub         |             88             |                    [32m0[37m[0m                     |
|     Transpose      |            171             |                   [32m139[37m[0m                    |
|     Unsqueeze      |            1716            |                   [32m600[37m[0m                    |
|       Where        |            304             |                    [32m0[37m[0m                     |
+--------------------+----------------------------+------------------------------------------+
|     Model Size     |         174.67 MB          |                177.46 MB                 |
+--------------------+----------------------------+------------------------------------------+
|    Elapsed Time    |                                20.19 s                                |
+--------------------+----------------------------+------------------------------------------+
deduped 0 duplicate initializers
ops: [('Add', 1567), ('Mul', 995), ('Gather', 672), ('Unsqueeze', 600), ('Slice', 444), ('Conv', 382), ('Concat', 369), ('GridSample', 300), ('Reshape', 248), ('MatMul', 150), ('Transpose', 139), ('LayerNormalization', 64), ('Relu', 38), ('Pad', 24), ('Softmax', 24), ('Div', 24), ('Erf', 24), ('Sigmoid', 23), ('Resize', 22), ('BatchNormalization', 10), ('GlobalAveragePool', 5)]
onnx vs torch reference: max abs logits dev 7.153e-05, max sigmoid dev 8.476e-10
final sha256: 79bc52b86f15cf146646e2e82ee9a6589151e4d28db4c190c9dd98c3a3a7344c
